// Jest Snapshot v1, https://goo.gl/fbAQLP

exports[`Missing block renders without crashing 1`] = `
<View
  accessibilityHint="Tap here to show help"
  accessibilityLabel="Help button"
  accessibilityRole="button"
  accessibilityState={
    {
      "busy": undefined,
      "checked": undefined,
      "disabled": true,
      "expanded": undefined,
      "selected": undefined,
    }
  }
  accessible={true}
  focusable={true}
  onClick={[Function]}
  onResponderGrant={[Function]}
  onResponderMove={[Function]}
  onResponderRelease={[Function]}
  onResponderTerminate={[Function]}
  onResponderTerminationRequest={[Function]}
  onStartShouldSetResponder={[Function]}
>
  <View
    accessibilityHint="Tap here to show help"
    accessibilityLabel="Help button"
    accessibilityRole="button"
    accessibilityValue={
      {
        "max": undefined,
        "min": undefined,
        "now": undefined,
        "text": undefined,
      }
    }
    accessible={true}
    focusable={true}
    onClick={[Function]}
    onResponderGrant={[Function]}
    onResponderMove={[Function]}
    onResponderRelease={[Function]}
    onResponderTerminate={[Function]}
    onResponderTerminationRequest={[Function]}
    onStartShouldSetResponder={[Function]}
  >
    <Svg
      height={24}
      label="Help icon"
      style={{}}
      viewBox="0 0 24 24"
      width={24}
      xmlns="http://www.w3.org/2000/svg"
    >
      Path
    </Svg>
  </View>
  <Svg
    color="white"
    height={24}
    style={{}}
    viewBox="0 0 24 24"
    width={24}
    xmlns="http://www.w3.org/2000/svg"
  >
    Path
  </Svg>
  <Text>
    missing/block/title
  </Text>
  <Text>
    Unsupported
  </Text>
</View>
`;
